[catch_wm s0 d0] variant C_world_model on cpu; env synthetic:catch (sticky=0.0); actions ['NOOP', 'FIRE', 'RIGHT', 'LEFT']; budget 20000 decisions, warmup until 1000
[catch_wm s0 d57] episode 1: return -3, 57 decisions
[catch_wm s0 d113] episode 2: return -5, 56 decisions
[catch_wm s0 d167] episode 3: return -5, 54 decisions
[catch_wm s0 d225] episode 4: return -3, 58 decisions
[catch_wm s0 d285] episode 5: return -5, 60 decisions
[catch_wm s0 d343] episode 6: return -5, 58 decisions
[catch_wm s0 d399] episode 7: return -5, 56 decisions
[catch_wm s0 d458] episode 8: return -5, 59 decisions
[catch_wm s0 d516] episode 9: return -3, 58 decisions
[catch_wm s0 d573] episode 10: return -5, 57 decisions
[catch_wm s0 d629] episode 11: return -3, 56 decisions
[catch_wm s0 d686] episode 12: return -5, 57 decisions
[catch_wm s0 d744] episode 13: return -3, 58 decisions
[catch_wm s0 d802] episode 14: return -3, 58 decisions
[catch_wm s0 d858] episode 15: return -5, 56 decisions
[catch_wm s0 d915] episode 16: return -3, 57 decisions
[catch_wm s0 d967] episode 17: return -5, 52 decisions
[catch_wm s0 d1023] episode 18: return -5, 56 decisions
[catch_wm s0 d1076] episode 19: return -5, 53 decisions
[catch_wm s0 d1129] episode 20: return -3, 53 decisions
[catch_wm s0 d1182] episode 21: return -5, 53 decisions
[catch_wm s0 d1239] episode 22: return -3, 57 decisions
[catch_wm s0 d1296] episode 23: return -5, 57 decisions
[catch_wm s0 d1350] episode 24: return -1, 54 decisions
[catch_wm s0 d1406] episode 25: return -3, 56 decisions
[catch_wm s0 d1462] episode 26: return -3, 56 decisions
[catch_wm s0 d1519] episode 27: return -3, 57 decisions
[catch_wm s0 d1577] episode 28: return -5, 58 decisions
[catch_wm s0 d1635] episode 29: return -5, 58 decisions
[catch_wm s0 d1692] episode 30: return -5, 57 decisions
[catch_wm s0 d1750] episode 31: return -5, 58 decisions
[catch_wm s0 d1809] episode 32: return -5, 59 decisions
[catch_wm s0 d1862] episode 33: return -3, 53 decisions
[catch_wm s0 d1920] episode 34: return -5, 58 decisions
[catch_wm s0 d1976] episode 35: return -5, 56 decisions
[catch_wm s0 d2036] episode 36: return -3, 60 decisions
[catch_wm s0 d2095] episode 37: return -5, 59 decisions
[catch_wm s0 d2151] episode 38: return -5, 56 decisions
[catch_wm s0 d2206] episode 39: return -5, 55 decisions
[catch_wm s0 d2262] episode 40: return -3, 56 decisions
[catch_wm s0 d2319] episode 41: return -5, 57 decisions
[catch_wm s0 d2379] episode 42: return -1, 60 decisions
[catch_wm s0 d2439] episode 43: return -4, 60 decisions
[catch_wm s0 d2493] episode 44: return -3, 54 decisions
[catch_wm s0 d2548] episode 45: return -3, 55 decisions
[catch_wm s0 d2607] episode 46: return -5, 59 decisions
[catch_wm s0 d2665] episode 47: return -3, 58 decisions
[catch_wm s0 d2720] episode 48: return -3, 55 decisions
[catch_wm s0 d2780] episode 49: return -5, 60 decisions
[catch_wm s0 d2835] episode 50: return +1, 55 decisions
[catch_wm s0 d2891] episode 51: return -5, 56 decisions
[catch_wm s0 d2949] episode 52: return -5, 58 decisions
[catch_wm s0 d3000] update 500: loss_q=0.0408 loss_jepa=0.0589 loss_reward=0.1713 loss_continue=0.0718 loss_var=0.0032 latent_std_mean=0.3083
[catch_wm s0 d3008] episode 53: return -5, 59 decisions
[catch_wm s0 d3064] episode 54: return +1, 56 decisions
[catch_wm s0 d3120] episode 55: return -3, 56 decisions
[catch_wm s0 d3180] episode 56: return -4, 60 decisions
[catch_wm s0 d3235] episode 57: return -5, 55 decisions
[catch_wm s0 d3290] episode 58: return -5, 55 decisions
[catch_wm s0 d3347] episode 59: return -3, 57 decisions
[catch_wm s0 d3401] episode 60: return -5, 54 decisions
[catch_wm s0 d3457] episode 61: return -5, 56 decisions
[catch_wm s0 d3517] episode 62: return -5, 60 decisions
[catch_wm s0 d3573] episode 63: return -3, 56 decisions
[catch_wm s0 d3629] episode 64: return -5, 56 decisions
[catch_wm s0 d3686] episode 65: return -5, 57 decisions
[catch_wm s0 d3743] episode 66: return -3, 57 decisions
[catch_wm s0 d3802] episode 67: return -3, 59 decisions
[catch_wm s0 d3859] episode 68: return -3, 57 decisions
[catch_wm s0 d3915] episode 69: return -5, 56 decisions
[catch_wm s0 d3970] episode 70: return -5, 55 decisions
[catch_wm s0 d4028] episode 71: return -5, 58 decisions
[catch_wm s0 d4081] episode 72: return -3, 53 decisions
[catch_wm s0 d4141] episode 73: return -5, 60 decisions
[catch_wm s0 d4192] episode 74: return -5, 51 decisions
[catch_wm s0 d4251] episode 75: return -5, 59 decisions
[catch_wm s0 d4311] episode 76: return -4, 60 decisions
[catch_wm s0 d4371] episode 77: return -4, 60 decisions
[catch_wm s0 d4429] episode 78: return -3, 58 decisions
[catch_wm s0 d4487] episode 79: return -3, 58 decisions
[catch_wm s0 d4546] episode 80: return -3, 59 decisions
[catch_wm s0 d4603] episode 81: return -5, 57 decisions
[catch_wm s0 d4663] episode 82: return -4, 60 decisions
[catch_wm s0 d4717] episode 83: return -1, 54 decisions
[catch_wm s0 d4773] episode 84: return -3, 56 decisions
[catch_wm s0 d4831] episode 85: return -5, 58 decisions
[catch_wm s0 d4885] episode 86: return -5, 54 decisions
[catch_wm s0 d4945] episode 87: return -3, 60 decisions
[catch_wm s0 d5000] update 1000: loss_q=0.0163 loss_jepa=0.0624 loss_reward=0.0324 loss_continue=0.0464 loss_var=0.0001 latent_std_mean=0.4654
[catch_wm s0 d5000] eval [q] return -4.20 ± 0.87 (10 episodes, 572 eval decisions)
[catch_wm s0 d5000] eval [lookahead] return -4.40 ± 0.80 (10 episodes, 572 eval decisions)
[catch_wm s0 d5000] checkpoint saved (1000 updates, 103s)
[catch_wm s0 d5003] episode 88: return -5, 58 decisions
[catch_wm s0 d5061] episode 89: return -3, 58 decisions
[catch_wm s0 d5120] episode 90: return -5, 59 decisions
[catch_wm s0 d5177] episode 91: return -5, 57 decisions
[catch_wm s0 d5230] episode 92: return -5, 53 decisions
[catch_wm s0 d5288] episode 93: return -3, 58 decisions
[catch_wm s0 d5343] episode 94: return -5, 55 decisions
[catch_wm s0 d5399] episode 95: return -5, 56 decisions
[catch_wm s0 d5456] episode 96: return -5, 57 decisions
[catch_wm s0 d5513] episode 97: return -5, 57 decisions
[catch_wm s0 d5569] episode 98: return -5, 56 decisions
[catch_wm s0 d5626] episode 99: return -5, 57 decisions
[catch_wm s0 d5684] episode 100: return -5, 58 decisions
[catch_wm s0 d5740] episode 101: return -3, 56 decisions
[catch_wm s0 d5799] episode 102: return -5, 59 decisions
[catch_wm s0 d5859] episode 103: return -4, 60 decisions
[catch_wm s0 d5918] episode 104: return -5, 59 decisions
[catch_wm s0 d5976] episode 105: return -5, 58 decisions
[catch_wm s0 d6033] episode 106: return -5, 57 decisions
[catch_wm s0 d6089] episode 107: return -5, 56 decisions
[catch_wm s0 d6146] episode 108: return -5, 57 decisions
[catch_wm s0 d6202] episode 109: return -5, 56 decisions
[catch_wm s0 d6262] episode 110: return -4, 60 decisions
[catch_wm s0 d6318] episode 111: return -5, 56 decisions
[catch_wm s0 d6376] episode 112: return -3, 58 decisions
[catch_wm s0 d6436] episode 113: return -5, 60 decisions
[catch_wm s0 d6496] episode 114: return -4, 60 decisions
[catch_wm s0 d6556] episode 115: return +0, 60 decisions
[catch_wm s0 d6616] episode 116: return -2, 60 decisions
[catch_wm s0 d6673] episode 117: return -5, 57 decisions
[catch_wm s0 d6727] episode 118: return -5, 54 decisions
[catch_wm s0 d6783] episode 119: return -3, 56 decisions
[catch_wm s0 d6841] episode 120: return -3, 58 decisions
[catch_wm s0 d6899] episode 121: return -3, 58 decisions
[catch_wm s0 d6958] episode 122: return -5, 59 decisions
[catch_wm s0 d7000] update 1500: loss_q=0.0160 loss_jepa=0.0705 loss_reward=0.0284 loss_continue=0.0443 loss_var=0.0001 latent_std_mean=0.5560
[catch_wm s0 d7018] episode 123: return -3, 60 decisions
[catch_wm s0 d7075] episode 124: return -5, 57 decisions
[catch_wm s0 d7132] episode 125: return -5, 57 decisions
[catch_wm s0 d7184] episode 126: return -3, 52 decisions
[catch_wm s0 d7244] episode 127: return -2, 60 decisions
[catch_wm s0 d7298] episode 128: return -3, 54 decisions
[catch_wm s0 d7353] episode 129: return -3, 55 decisions
[catch_wm s0 d7413] episode 130: return -3, 60 decisions
[catch_wm s0 d7473] episode 131: return -2, 60 decisions
[catch_wm s0 d7527] episode 132: return -3, 54 decisions
[catch_wm s0 d7586] episode 133: return -5, 59 decisions
[catch_wm s0 d7645] episode 134: return -3, 59 decisions
[catch_wm s0 d7701] episode 135: return -5, 56 decisions
[catch_wm s0 d7759] episode 136: return -5, 58 decisions
[catch_wm s0 d7815] episode 137: return -5, 56 decisions
[catch_wm s0 d7875] episode 138: return -3, 60 decisions
[catch_wm s0 d7932] episode 139: return -5, 57 decisions
[catch_wm s0 d7988] episode 140: return -5, 56 decisions
[catch_wm s0 d8048] episode 141: return -4, 60 decisions
[catch_wm s0 d8108] episode 142: return -2, 60 decisions
[catch_wm s0 d8168] episode 143: return -4, 60 decisions
[catch_wm s0 d8227] episode 144: return -5, 59 decisions
[catch_wm s0 d8279] episode 145: return -3, 52 decisions
[catch_wm s0 d8335] episode 146: return -5, 56 decisions
[catch_wm s0 d8395] episode 147: return -4, 60 decisions
[catch_wm s0 d8453] episode 148: return -5, 58 decisions
[catch_wm s0 d8513] episode 149: return -3, 60 decisions
[catch_wm s0 d8569] episode 150: return -5, 56 decisions
[catch_wm s0 d8628] episode 151: return -3, 59 decisions
[catch_wm s0 d8688] episode 152: return -5, 60 decisions
[catch_wm s0 d8747] episode 153: return -5, 59 decisions
[catch_wm s0 d8800] episode 154: return -5, 53 decisions
[catch_wm s0 d8857] episode 155: return -5, 57 decisions
[catch_wm s0 d8913] episode 156: return -5, 56 decisions
[catch_wm s0 d8970] episode 157: return -5, 57 decisions
[catch_wm s0 d9000] update 2000: loss_q=0.0159 loss_jepa=0.0681 loss_reward=0.0265 loss_continue=0.0420 loss_var=0.0000 latent_std_mean=0.5908
[catch_wm s0 d9028] episode 158: return -5, 58 decisions
[catch_wm s0 d9084] episode 159: return -5, 56 decisions
[catch_wm s0 d9143] episode 160: return -5, 59 decisions
[catch_wm s0 d9198] episode 161: return -5, 55 decisions
[catch_wm s0 d9255] episode 162: return -5, 57 decisions
[catch_wm s0 d9315] episode 163: return -5, 60 decisions
[catch_wm s0 d9372] episode 164: return -5, 57 decisions
[catch_wm s0 d9430] episode 165: return -5, 58 decisions
[catch_wm s0 d9484] episode 166: return -3, 54 decisions
[catch_wm s0 d9540] episode 167: return -5, 56 decisions
[catch_wm s0 d9594] episode 168: return -5, 54 decisions
[catch_wm s0 d9654] episode 169: return -4, 60 decisions
[catch_wm s0 d9712] episode 170: return -5, 58 decisions
[catch_wm s0 d9772] episode 171: return -4, 60 decisions
[catch_wm s0 d9830] episode 172: return -5, 58 decisions
[catch_wm s0 d9888] episode 173: return -5, 58 decisions
[catch_wm s0 d9943] episode 174: return -3, 55 decisions
[catch_wm s0 d9999] episode 175: return -5, 56 decisions
[catch_wm s0 d10000] eval [q] return -2.60 ± 2.29 (10 episodes, 572 eval decisions)
[catch_wm s0 d10000] eval [lookahead] return -4.80 ± 0.40 (10 episodes, 572 eval decisions)
[catch_wm s0 d10000] checkpoint saved (2250 updates, 205s)
[catch_wm s0 d10059] episode 176: return -5, 60 decisions
[catch_wm s0 d10116] episode 177: return -3, 57 decisions
[catch_wm s0 d10174] episode 178: return -5, 58 decisions
[catch_wm s0 d10229] episode 179: return -3, 55 decisions
[catch_wm s0 d10287] episode 180: return -5, 58 decisions
[catch_wm s0 d10342] episode 181: return -1, 55 decisions
[catch_wm s0 d10402] episode 182: return -4, 60 decisions
[catch_wm s0 d10461] episode 183: return -5, 59 decisions
[catch_wm s0 d10519] episode 184: return -3, 58 decisions
[catch_wm s0 d10577] episode 185: return -5, 58 decisions
[catch_wm s0 d10634] episode 186: return -3, 57 decisions
[catch_wm s0 d10693] episode 187: return -5, 59 decisions
[catch_wm s0 d10753] episode 188: return -5, 60 decisions
[catch_wm s0 d10811] episode 189: return -5, 58 decisions
[catch_wm s0 d10871] episode 190: return -2, 60 decisions
[catch_wm s0 d10931] episode 191: return -4, 60 decisions
[catch_wm s0 d10990] episode 192: return -5, 59 decisions
[catch_wm s0 d11000] update 2500: loss_q=0.0149 loss_jepa=0.0691 loss_reward=0.0252 loss_continue=0.0417 loss_var=0.0000 latent_std_mean=0.6098
[catch_wm s0 d11045] episode 193: return -5, 55 decisions
[catch_wm s0 d11105] episode 194: return -4, 60 decisions
[catch_wm s0 d11162] episode 195: return -5, 57 decisions
[catch_wm s0 d11218] episode 196: return -5, 56 decisions
[catch_wm s0 d11275] episode 197: return -5, 57 decisions
[catch_wm s0 d11333] episode 198: return -1, 58 decisions
[catch_wm s0 d11388] episode 199: return -5, 55 decisions
[catch_wm s0 d11445] episode 200: return -5, 57 decisions
[catch_wm s0 d11502] episode 201: return -5, 57 decisions
[catch_wm s0 d11559] episode 202: return -5, 57 decisions
[catch_wm s0 d11618] episode 203: return -5, 59 decisions
[catch_wm s0 d11678] episode 204: return -3, 60 decisions
[catch_wm s0 d11736] episode 205: return -5, 58 decisions
[catch_wm s0 d11794] episode 206: return -5, 58 decisions
[catch_wm s0 d11854] episode 207: return -4, 60 decisions
[catch_wm s0 d11914] episode 208: return -4, 60 decisions
[catch_wm s0 d11971] episode 209: return -3, 57 decisions
[catch_wm s0 d12029] episode 210: return -5, 58 decisions
[catch_wm s0 d12088] episode 211: return -1, 59 decisions
[catch_wm s0 d12144] episode 212: return -5, 56 decisions
[catch_wm s0 d12199] episode 213: return -5, 55 decisions
[catch_wm s0 d12253] episode 214: return -5, 54 decisions
[catch_wm s0 d12313] episode 215: return -4, 60 decisions
[catch_wm s0 d12369] episode 216: return -5, 56 decisions
[catch_wm s0 d12424] episode 217: return -5, 55 decisions
[catch_wm s0 d12484] episode 218: return -2, 60 decisions
[catch_wm s0 d12542] episode 219: return -5, 58 decisions
[catch_wm s0 d12598] episode 220: return -5, 56 decisions
[catch_wm s0 d12654] episode 221: return -5, 56 decisions
[catch_wm s0 d12711] episode 222: return -5, 57 decisions
[catch_wm s0 d12768] episode 223: return -5, 57 decisions
[catch_wm s0 d12826] episode 224: return -3, 58 decisions
[catch_wm s0 d12885] episode 225: return -5, 59 decisions
[catch_wm s0 d12942] episode 226: return -3, 57 decisions
[catch_wm s0 d13000] update 3000: loss_q=0.0152 loss_jepa=0.0724 loss_reward=0.0222 loss_continue=0.0421 loss_var=0.0000 latent_std_mean=0.6209
[catch_wm s0 d13001] episode 227: return -5, 59 decisions
[catch_wm s0 d13059] episode 228: return -3, 58 decisions
[catch_wm s0 d13115] episode 229: return -3, 56 decisions
[catch_wm s0 d13174] episode 230: return -5, 59 decisions
[catch_wm s0 d13234] episode 231: return -5, 60 decisions
[catch_wm s0 d13293] episode 232: return -5, 59 decisions
[catch_wm s0 d13352] episode 233: return -3, 59 decisions
[catch_wm s0 d13409] episode 234: return -5, 57 decisions
[catch_wm s0 d13468] episode 235: return -5, 59 decisions
[catch_wm s0 d13527] episode 236: return -5, 59 decisions
[catch_wm s0 d13587] episode 237: return -5, 60 decisions
[catch_wm s0 d13647] episode 238: return -4, 60 decisions
[catch_wm s0 d13705] episode 239: return -5, 58 decisions
[catch_wm s0 d13761] episode 240: return -1, 56 decisions
[catch_wm s0 d13821] episode 241: return -4, 60 decisions
[catch_wm s0 d13875] episode 242: return -1, 54 decisions
[catch_wm s0 d13931] episode 243: return -3, 56 decisions
[catch_wm s0 d13983] episode 244: return -5, 52 decisions
[catch_wm s0 d14039] episode 245: return -5, 56 decisions
[catch_wm s0 d14094] episode 246: return -3, 55 decisions
[catch_wm s0 d14152] episode 247: return -3, 58 decisions
[catch_wm s0 d14212] episode 248: return -4, 60 decisions
[catch_wm s0 d14270] episode 249: return -1, 58 decisions
[catch_wm s0 d14329] episode 250: return -5, 59 decisions
[catch_wm s0 d14388] episode 251: return -5, 59 decisions
[catch_wm s0 d14444] episode 252: return -5, 56 decisions
[catch_wm s0 d14502] episode 253: return -5, 58 decisions
[catch_wm s0 d14562] episode 254: return -5, 60 decisions
[catch_wm s0 d14622] episode 255: return -3, 60 decisions
[catch_wm s0 d14677] episode 256: return -3, 55 decisions
[catch_wm s0 d14733] episode 257: return -3, 56 decisions
[catch_wm s0 d14793] episode 258: return -5, 60 decisions
[catch_wm s0 d14853] episode 259: return +0, 60 decisions
[catch_wm s0 d14909] episode 260: return -3, 56 decisions
[catch_wm s0 d14969] episode 261: return -5, 60 decisions
[catch_wm s0 d15000] update 3500: loss_q=0.0160 loss_jepa=0.0821 loss_reward=0.0207 loss_continue=0.0426 loss_var=0.0000 latent_std_mean=0.6114
[catch_wm s0 d15000] eval [q] return -3.40 ± 1.80 (10 episodes, 572 eval decisions)
[catch_wm s0 d15000] eval [lookahead] return -3.60 ± 1.36 (10 episodes, 572 eval decisions)
[catch_wm s0 d15000] checkpoint saved (3500 updates, 299s)
[catch_wm s0 d15029] episode 262: return -4, 60 decisions
[catch_wm s0 d15089] episode 263: return -5, 60 decisions
[catch_wm s0 d15146] episode 264: return -5, 57 decisions
[catch_wm s0 d15198] episode 265: return -5, 52 decisions
[catch_wm s0 d15257] episode 266: return -1, 59 decisions
[catch_wm s0 d15310] episode 267: return -5, 53 decisions
[catch_wm s0 d15367] episode 268: return -3, 57 decisions
[catch_wm s0 d15425] episode 269: return -3, 58 decisions
[catch_wm s0 d15483] episode 270: return -5, 58 decisions
[catch_wm s0 d15541] episode 271: return -3, 58 decisions
[catch_wm s0 d15601] episode 272: return -4, 60 decisions
[catch_wm s0 d15661] episode 273: return -3, 60 decisions
[catch_wm s0 d15721] episode 274: return -4, 60 decisions
[catch_wm s0 d15780] episode 275: return -5, 59 decisions
[catch_wm s0 d15836] episode 276: return -5, 56 decisions
[catch_wm s0 d15894] episode 277: return -3, 58 decisions
[catch_wm s0 d15950] episode 278: return -3, 56 decisions
[catch_wm s0 d16007] episode 279: return -5, 57 decisions
[catch_wm s0 d16062] episode 280: return +1, 55 decisions
[catch_wm s0 d16122] episode 281: return -2, 60 decisions
[catch_wm s0 d16178] episode 282: return -3, 56 decisions
[catch_wm s0 d16238] episode 283: return +0, 60 decisions
[catch_wm s0 d16296] episode 284: return -3, 58 decisions
[catch_wm s0 d16353] episode 285: return -1, 57 decisions
[catch_wm s0 d16410] episode 286: return -3, 57 decisions
[catch_wm s0 d16466] episode 287: return -3, 56 decisions
[catch_wm s0 d16524] episode 288: return +1, 58 decisions
[catch_wm s0 d16579] episode 289: return -5, 55 decisions
[catch_wm s0 d16638] episode 290: return -1, 59 decisions
[catch_wm s0 d16695] episode 291: return -1, 57 decisions
[catch_wm s0 d16752] episode 292: return +3, 57 decisions
[catch_wm s0 d16808] episode 293: return -5, 56 decisions
[catch_wm s0 d16866] episode 294: return -5, 58 decisions
[catch_wm s0 d16923] episode 295: return -5, 57 decisions
[catch_wm s0 d16983] episode 296: return -3, 60 decisions
[catch_wm s0 d17000] update 4000: loss_q=0.0172 loss_jepa=0.0778 loss_reward=0.0187 loss_continue=0.0426 loss_var=0.0000 latent_std_mean=0.5969
[catch_wm s0 d17043] episode 297: return -4, 60 decisions
[catch_wm s0 d17099] episode 298: return -1, 56 decisions
[catch_wm s0 d17158] episode 299: return -3, 59 decisions
[catch_wm s0 d17216] episode 300: return -3, 58 decisions
[catch_wm s0 d17276] episode 301: return -5, 60 decisions
[catch_wm s0 d17335] episode 302: return +1, 59 decisions
[catch_wm s0 d17392] episode 303: return -3, 57 decisions
[catch_wm s0 d17452] episode 304: return -2, 60 decisions
[catch_wm s0 d17511] episode 305: return -3, 59 decisions
[catch_wm s0 d17568] episode 306: return -3, 57 decisions
[catch_wm s0 d17627] episode 307: return -5, 59 decisions
[catch_wm s0 d17687] episode 308: return -4, 60 decisions
[catch_wm s0 d17747] episode 309: return -4, 60 decisions
[catch_wm s0 d17804] episode 310: return +5, 57 decisions
[catch_wm s0 d17862] episode 311: return -1, 58 decisions
[catch_wm s0 d17921] episode 312: return -5, 59 decisions
[catch_wm s0 d17979] episode 313: return -5, 58 decisions
[catch_wm s0 d18034] episode 314: return -3, 55 decisions
[catch_wm s0 d18091] episode 315: return -3, 57 decisions
[catch_wm s0 d18147] episode 316: return -5, 56 decisions
[catch_wm s0 d18204] episode 317: return -1, 57 decisions
[catch_wm s0 d18259] episode 318: return -1, 55 decisions
[catch_wm s0 d18314] episode 319: return -1, 55 decisions
[catch_wm s0 d18365] episode 320: return -1, 51 decisions
[catch_wm s0 d18419] episode 321: return -1, 54 decisions
[catch_wm s0 d18475] episode 322: return -5, 56 decisions
[catch_wm s0 d18535] episode 323: return -4, 60 decisions
[catch_wm s0 d18589] episode 324: return +1, 54 decisions
[catch_wm s0 d18643] episode 325: return -1, 54 decisions
[catch_wm s0 d18702] episode 326: return -3, 59 decisions
[catch_wm s0 d18762] episode 327: return -5, 60 decisions
[catch_wm s0 d18822] episode 328: return -2, 60 decisions
[catch_wm s0 d18882] episode 329: return -1, 60 decisions
[catch_wm s0 d18937] episode 330: return -3, 55 decisions
[catch_wm s0 d18993] episode 331: return -1, 56 decisions
[catch_wm s0 d19000] update 4500: loss_q=0.0187 loss_jepa=0.0559 loss_reward=0.0180 loss_continue=0.0426 loss_var=0.0000 latent_std_mean=0.5968
[catch_wm s0 d19047] episode 332: return +1, 54 decisions
[catch_wm s0 d19101] episode 333: return -1, 54 decisions
[catch_wm s0 d19159] episode 334: return +1, 58 decisions
[catch_wm s0 d19214] episode 335: return -3, 55 decisions
[catch_wm s0 d19270] episode 336: return -3, 56 decisions
[catch_wm s0 d19328] episode 337: return +3, 58 decisions
[catch_wm s0 d19383] episode 338: return +1, 55 decisions
[catch_wm s0 d19438] episode 339: return +1, 55 decisions
[catch_wm s0 d19495] episode 340: return -1, 57 decisions
[catch_wm s0 d19555] episode 341: return -1, 60 decisions
[catch_wm s0 d19608] episode 342: return -3, 53 decisions
[catch_wm s0 d19668] episode 343: return -1, 60 decisions
[catch_wm s0 d19727] episode 344: return +1, 59 decisions
[catch_wm s0 d19781] episode 345: return -1, 54 decisions
[catch_wm s0 d19837] episode 346: return +1, 56 decisions
[catch_wm s0 d19894] episode 347: return +3, 57 decisions
[catch_wm s0 d19950] episode 348: return +3, 56 decisions
[catch_wm s0 d20000] eval [q] return -2.00 ± 2.10 (10 episodes, 572 eval decisions)
[catch_wm s0 d20000] eval [lookahead] return -0.20 ± 3.16 (10 episodes, 572 eval decisions)
[catch_wm s0 d20000] checkpoint saved (4750 updates, 394s)
[catch_wm s0 d20000] done: 20000 decisions, 4750 updates, 348 episodes, 20000 training frames, 4576 eval decisions
